res.6chcdn.com
joyheart-browser.aattgames.com
jvliang-browser.aattgames.com
minigame-browser.aattgames.com
soulgames-browser.aattgames.com
as.soulgames-browser.aattgames.com
au.soulgames-browser.aattgames.com
ea.soulgames-browser.aattgames.com
eu.soulgames-browser.aattgames.com
mw.soulgames-browser.aattgames.com
we.soulgames-browser.aattgames.com
threehey-browser.aattgames.com
open.apexnews.com
api.bing.com
th.bing.com
www.bing.com
chtntor.com
cdnjs.cloudflare.com
firebase-settings.crashlytics.com
eu.ekatox.com
liteapi.ekatox.com
api.eu-game-sdk.com
graph.facebook.com
res.feednews.com
b0-videocdn.gjhyss.com
img-vcdn.gjhyss.com
www.google.com
www.googleadservices.com
www.gstatic.com
rr1---sn-4g5edn6k.gvt1.com
rr1---sn-4g5ednky.gvt1.com
rr1---sn-4g5ednsr.gvt1.com
rr1---sn-4g5lznl6.gvt1.com
rr1---sn-4g5lznsz.gvt1.com
rr2---sn-4g5lzner.gvt1.com
rr2---sn-4g5lznlr.gvt1.com
rr3---sn-4g5e6nzl.gvt1.com
rr3---sn-4g5ednz7.gvt1.com
rr3---sn-u14g55-5c.gvt1.com
rr4---sn-4g5e6ns6.gvt1.com
rr4---sn-4g5ednk6.gvt1.com
rr4---sn-aj4g55-5w.gvt1.com
rr5---sn-4g5ednde.gvt1.com
rr5---sn-4g5ednld.gvt1.com
rr5---sn-4g5lznl6.gvt1.com
rr5---sn-4g5lznsl.gvt1.com
cdn.alsgp0.fds.api.mi-img.com
cdn.awsde0-fusion.fds.api.mi-img.com
cdn.cnbj1.fds.api.mi-img.com
instant-web-a.api.intl.miui.com
privacy.api.intl.miui.com
update.intl.miui.com
api.msn.com
assets.msn.com
www.msn.com
openapi-af.op-mobile.opera.com
images1.pornosusi.com
images2.pornosusi.com
poster.pornosusi.com
static.pornosusi.com
www.pornosusi.com
a.premsrv.com
qcc.qualcomm.com
abs.twimg.com
abs-0.twimg.com
pbs.twimg.com
video.twimg.com
ovhv57.twincdn.com
ovhv60.twincdn.com
twitter.com
api.twitter.com
mobile.twitter.com
x.com
api.x.com
sdkconfig.eu.xiaomi.com
sdkconfig.intl.xiaomi.com
eu.global.market.xiaomi.com
m.youtube.com
www.youtube.com
i.ytimg.com
img-s-msn-com.akamaized.net
cdn.jsdelivr.net
ecn.dev.virtualearth.net
t.ssl.ak.tiles.virtualearth.net
ecn.api.tiles.virtualearth.net
t.ssl.ak.dynamic.tiles.virtualearth.net
cdn.ampproject.org
0.cdn.ampproject.org
ge-amp-xhamster-desi.cdn.ampproject.org
static--ah-xhcdn-com.cdn.ampproject.org
static--nss-xhcdn-com.cdn.ampproject.org
porn-pics-de.mypornpics.org
